{"t":"2026-09-26T03:03:29.213Z","phase":"warm","i":0,"object":"s300","status":200,"age":null,"cacheControl":"public, max-age=300","etag":"\"535143c45f4f36d024049e97b12dcc25\"","gen":"1790391798911257"}
{"t":"2026-09-26T03:03:29.424Z","phase":"warm","i":0,"object":"s86400","status":200,"age":null,"cacheControl":"public, max-age=86400","etag":"\"d4a5bd466e2a80dc49012f06def14718\"","gen":"1790391805477738"}
{"t":"2026-09-26T03:03:32.478Z","phase":"warm","i":1,"object":"s300","status":200,"age":"3","cacheControl":"public, max-age=300","etag":"\"535143c45f4f36d024049e97b12dcc25\"","gen":"1790391798911257"}
{"t":"2026-09-26T03:03:32.521Z","phase":"warm","i":1,"object":"s86400","status":200,"age":"3","cacheControl":"public, max-age=86400","etag":"\"d4a5bd466e2a80dc49012f06def14718\"","gen":"1790391805477738"}
{"t":"2026-09-26T03:03:35.570Z","phase":"warm","i":2,"object":"s300","status":200,"age":"6","cacheControl":"public, max-age=300","etag":"\"535143c45f4f36d024049e97b12dcc25\"","gen":"1790391798911257"}
{"t":"2026-09-26T03:03:35.613Z","phase":"warm","i":2,"object":"s86400","status":200,"age":"6","cacheControl":"public, max-age=86400","etag":"\"d4a5bd466e2a80dc49012f06def14718\"","gen":"1790391805477738"}
{"t":"2026-09-26T03:03:38.671Z","phase":"warm","i":3,"object":"s300","status":200,"age":"9","cacheControl":"public, max-age=300","etag":"\"535143c45f4f36d024049e97b12dcc25\"","gen":"1790391798911257"}
{"t":"2026-09-26T03:03:38.718Z","phase":"warm","i":3,"object":"s86400","status":200,"age":"9","cacheControl":"public, max-age=86400","etag":"\"d4a5bd466e2a80dc49012f06def14718\"","gen":"1790391805477738"}
{"t":"2026-09-26T03:03:41.766Z","phase":"warm","i":4,"object":"s300","status":200,"age":"12","cacheControl":"public, max-age=300","etag":"\"535143c45f4f36d024049e97b12dcc25\"","gen":"1790391798911257"}
{"t":"2026-09-26T03:03:41.808Z","phase":"warm","i":4,"object":"s86400","status":200,"age":"12","cacheControl":"public, max-age=86400","etag":"\"d4a5bd466e2a80dc49012f06def14718\"","gen":"1790391805477738"}
{"t":"2026-09-26T03:03:44.853Z","phase":"warm","i":5,"object":"s300","status":200,"age":"15","cacheControl":"public, max-age=300","etag":"\"535143c45f4f36d024049e97b12dcc25\"","gen":"1790391798911257"}
{"t":"2026-09-26T03:03:44.896Z","phase":"warm","i":5,"object":"s86400","status":200,"age":"15","cacheControl":"public, max-age=86400","etag":"\"d4a5bd466e2a80dc49012f06def14718\"","gen":"1790391805477738"}
{"t":"2026-09-26T03:03:47.947Z","phase":"warm","i":6,"object":"s300","status":200,"age":"19","cacheControl":"public, max-age=300","etag":"\"535143c45f4f36d024049e97b12dcc25\"","gen":"1790391798911257"}
{"t":"2026-09-26T03:03:47.989Z","phase":"warm","i":6,"object":"s86400","status":200,"age":"19","cacheControl":"public, max-age=86400","etag":"\"d4a5bd466e2a80dc49012f06def14718\"","gen":"1790391805477738"}
{"t":"2026-09-26T03:03:51.040Z","phase":"warm","i":7,"object":"s300","status":200,"age":"22","cacheControl":"public, max-age=300","etag":"\"535143c45f4f36d024049e97b12dcc25\"","gen":"1790391798911257"}
{"t":"2026-09-26T03:03:51.082Z","phase":"warm","i":7,"object":"s86400","status":200,"age":"22","cacheControl":"public, max-age=86400","etag":"\"d4a5bd466e2a80dc49012f06def14718\"","gen":"1790391805477738"}
{"t":"2026-09-26T03:03:54.167Z","phase":"conditional-get","object":"s300","etag":"\"535143c45f4f36d024049e97b12dcc25\"","status":304}
{"t":"2026-09-26T03:03:54.252Z","phase":"conditional-get","object":"s86400","etag":"\"d4a5bd466e2a80dc49012f06def14718\"","status":304}
{"t":"2026-09-26T03:04:13.189Z","phase":"after-delete","object":"s300","plain":404,"age":null,"cacheControl":"private, max-age=0","cacheBusted":404}
{"t":"2026-09-26T03:04:13.409Z","phase":"after-delete","object":"s86400","plain":404,"age":null,"cacheControl":"private, max-age=0","cacheBusted":404}
{"t":"2026-09-26T03:04:43.854Z","phase":"after-delete","object":"s300","plain":404,"age":null,"cacheControl":"private, max-age=0","cacheBusted":404}
{"t":"2026-09-26T03:04:44.068Z","phase":"after-delete","object":"s86400","plain":404,"age":null,"cacheControl":"private, max-age=0","cacheBusted":404}
{"t":"2026-09-26T03:05:14.551Z","phase":"after-delete","object":"s300","plain":404,"age":null,"cacheControl":"private, max-age=0","cacheBusted":404}
{"t":"2026-09-26T03:05:14.770Z","phase":"after-delete","object":"s86400","plain":404,"age":null,"cacheControl":"private, max-age=0","cacheBusted":404}
{"t":"2026-09-26T03:05:45.227Z","phase":"after-delete","object":"s300","plain":404,"age":null,"cacheControl":"private, max-age=0","cacheBusted":404}
{"t":"2026-09-26T03:05:45.443Z","phase":"after-delete","object":"s86400","plain":404,"age":null,"cacheControl":"private, max-age=0","cacheBusted":404}
{"t":"2026-09-26T03:06:15.825Z","phase":"after-delete","object":"s300","plain":200,"age":"166","cacheControl":"public, max-age=300","cacheBusted":404}
{"t":"2026-09-26T03:06:16.000Z","phase":"after-delete","object":"s86400","plain":200,"age":"166","cacheControl":"public, max-age=86400","cacheBusted":404}
{"t":"2026-09-26T03:06:46.422Z","phase":"after-delete","object":"s300","plain":200,"age":"197","cacheControl":"public, max-age=300","cacheBusted":404}
{"t":"2026-09-26T03:06:46.567Z","phase":"after-delete","object":"s86400","plain":200,"age":"197","cacheControl":"public, max-age=86400","cacheBusted":404}
{"t":"2026-09-26T03:07:16.939Z","phase":"after-delete","object":"s300","plain":200,"age":"227","cacheControl":"public, max-age=300","cacheBusted":404}
{"t":"2026-09-26T03:07:17.081Z","phase":"after-delete","object":"s86400","plain":200,"age":"228","cacheControl":"public, max-age=86400","cacheBusted":404}
{"t":"2026-09-26T03:07:47.578Z","phase":"after-delete","object":"s300","plain":404,"age":null,"cacheControl":"private, max-age=0","cacheBusted":404}
{"t":"2026-09-26T03:07:47.783Z","phase":"after-delete","object":"s86400","plain":404,"age":null,"cacheControl":"private, max-age=0","cacheBusted":404}
{"t":"2026-09-26T03:08:18.165Z","phase":"after-delete","object":"s300","plain":200,"age":"289","cacheControl":"public, max-age=300","cacheBusted":404}
{"t":"2026-09-26T03:08:18.335Z","phase":"after-delete","object":"s86400","plain":200,"age":"289","cacheControl":"public, max-age=86400","cacheBusted":404}
{"t":"2026-09-26T03:08:48.748Z","phase":"after-delete","object":"s300","plain":404,"age":null,"cacheControl":"private, max-age=0","cacheBusted":404}
{"t":"2026-09-26T03:08:48.904Z","phase":"after-delete","object":"s86400","plain":200,"age":"319","cacheControl":"public, max-age=86400","cacheBusted":404}
{"t":"2026-09-26T03:09:19.366Z","phase":"after-delete","object":"s300","plain":404,"age":null,"cacheControl":"private, max-age=0","cacheBusted":404}
{"t":"2026-09-26T03:09:19.587Z","phase":"after-delete","object":"s86400","plain":404,"age":null,"cacheControl":"private, max-age=0","cacheBusted":404}
{"t":"2026-09-26T03:09:50.076Z","phase":"after-delete","object":"s300","plain":404,"age":null,"cacheControl":"private, max-age=0","cacheBusted":404}
{"t":"2026-09-26T03:09:50.274Z","phase":"after-delete","object":"s86400","plain":404,"age":null,"cacheControl":"private, max-age=0","cacheBusted":404}
{"t":"2026-09-26T03:10:20.745Z","phase":"after-delete","object":"s300","plain":404,"age":null,"cacheControl":"private, max-age=0","cacheBusted":404}
{"t":"2026-09-26T03:10:20.918Z","phase":"after-delete","object":"s86400","plain":200,"age":"411","cacheControl":"public, max-age=86400","cacheBusted":404}
{"t":"2026-09-26T03:10:51.333Z","phase":"after-delete","object":"s300","plain":404,"age":null,"cacheControl":"private, max-age=0","cacheBusted":404}
{"t":"2026-09-26T03:10:51.572Z","phase":"after-delete","object":"s86400","plain":404,"age":null,"cacheControl":"private, max-age=0","cacheBusted":404}
{"t":"2026-09-26T03:11:22.022Z","phase":"after-delete","object":"s300","plain":404,"age":null,"cacheControl":"private, max-age=0","cacheBusted":404}
{"t":"2026-09-26T03:11:22.241Z","phase":"after-delete","object":"s86400","plain":404,"age":null,"cacheControl":"private, max-age=0","cacheBusted":404}
{"t":"2026-09-26T03:11:52.707Z","phase":"after-delete","object":"s300","plain":404,"age":null,"cacheControl":"private, max-age=0","cacheBusted":404}
{"t":"2026-09-26T03:11:52.886Z","phase":"after-delete","object":"s86400","plain":200,"age":"503","cacheControl":"public, max-age=86400","cacheBusted":404}
{"t":"2026-09-26T03:12:24.956Z","phase":"after-delete","object":"s300","plain":404,"age":null,"cacheControl":"private, max-age=0","cacheBusted":404}
{"t":"2026-09-26T03:12:26.069Z","phase":"after-delete","object":"s86400","plain":404,"age":null,"cacheControl":"private, max-age=0","cacheBusted":404}
{"t":"2026-09-26T03:12:59.176Z","phase":"after-delete","object":"s300","plain":404,"age":null,"cacheControl":"private, max-age=0","cacheBusted":404}
{"t":"2026-09-26T03:13:00.277Z","phase":"after-delete","object":"s86400","plain":404,"age":null,"cacheControl":"private, max-age=0","cacheBusted":404}
{"t":"2026-09-26T03:13:33.413Z","phase":"after-delete","object":"s300","plain":404,"age":null,"cacheControl":"private, max-age=0","cacheBusted":404}
{"t":"2026-09-26T03:13:34.525Z","phase":"after-delete","object":"s86400","plain":404,"age":null,"cacheControl":"private, max-age=0","cacheBusted":404}
{"t":"2026-09-26T03:14:07.647Z","phase":"after-delete","object":"s300","plain":404,"age":null,"cacheControl":"private, max-age=0","cacheBusted":404}
{"t":"2026-09-26T03:14:08.789Z","phase":"after-delete","object":"s86400","plain":404,"age":null,"cacheControl":"private, max-age=0","cacheBusted":404}
{"t":"2026-09-26T03:14:43.088Z","phase":"after-delete","object":"s300","plain":404,"age":null,"cacheControl":"private, max-age=0","cacheBusted":404}
{"t":"2026-09-26T03:14:44.108Z","phase":"after-delete","object":"s86400","plain":404,"age":null,"cacheControl":"private, max-age=0","cacheBusted":404}
{"t":"2026-09-26T03:15:17.286Z","phase":"after-delete","object":"s300","plain":404,"age":null,"cacheControl":"private, max-age=0","cacheBusted":404}
{"t":"2026-09-26T03:15:18.301Z","phase":"after-delete","object":"s86400","plain":404,"age":null,"cacheControl":"private, max-age=0","cacheBusted":404}
{"t":"2026-09-26T03:15:50.915Z","phase":"after-delete","object":"s300","plain":404,"age":null,"cacheControl":"private, max-age=0","cacheBusted":404}
{"t":"2026-09-26T03:15:51.509Z","phase":"after-delete","object":"s86400","plain":404,"age":null,"cacheControl":"private, max-age=0","cacheBusted":404}
{"t":"2026-09-26T03:16:21.997Z","phase":"after-delete","object":"s300","plain":404,"age":null,"cacheControl":"private, max-age=0","cacheBusted":404}
{"t":"2026-09-26T03:16:22.178Z","phase":"after-delete","object":"s86400","plain":200,"age":"773","cacheControl":"public, max-age=86400","cacheBusted":404}
{"t":"2026-09-26T03:16:52.684Z","phase":"after-delete","object":"s300","plain":404,"age":null,"cacheControl":"private, max-age=0","cacheBusted":404}
{"t":"2026-09-26T03:16:52.874Z","phase":"after-delete","object":"s86400","plain":200,"age":"803","cacheControl":"public, max-age=86400","cacheBusted":404}
{"t":"2026-09-26T03:17:23.324Z","phase":"after-delete","object":"s300","plain":404,"age":null,"cacheControl":"private, max-age=0","cacheBusted":404}
{"t":"2026-09-26T03:17:23.506Z","phase":"after-delete","object":"s86400","plain":200,"age":"834","cacheControl":"public, max-age=86400","cacheBusted":404}
{"t":"2026-09-26T03:17:53.981Z","phase":"after-delete","object":"s300","plain":404,"age":null,"cacheControl":"private, max-age=0","cacheBusted":404}
{"t":"2026-09-26T03:17:54.149Z","phase":"after-delete","object":"s86400","plain":200,"age":"865","cacheControl":"public, max-age=86400","cacheBusted":404}
{"t":"2026-09-26T03:18:24.603Z","phase":"after-delete","object":"s300","plain":404,"age":null,"cacheControl":"private, max-age=0","cacheBusted":404}
{"t":"2026-09-26T03:18:24.767Z","phase":"after-delete","object":"s86400","plain":200,"age":"895","cacheControl":"public, max-age=86400","cacheBusted":404}
{"t":"2026-09-26T03:18:55.196Z","phase":"after-delete","object":"s300","plain":404,"age":null,"cacheControl":"private, max-age=0","cacheBusted":404}
{"t":"2026-09-26T03:18:55.365Z","phase":"after-delete","object":"s86400","plain":200,"age":"926","cacheControl":"public, max-age=86400","cacheBusted":404}
{"t":"2026-09-26T03:19:25.805Z","phase":"after-delete","object":"s300","plain":404,"age":null,"cacheControl":"private, max-age=0","cacheBusted":404}
{"t":"2026-09-26T03:19:26.216Z","phase":"after-delete","object":"s86400","plain":404,"age":null,"cacheControl":"private, max-age=0","cacheBusted":404}
{"t":"2026-09-26T03:19:56.646Z","phase":"after-delete","object":"s300","plain":404,"age":null,"cacheControl":"private, max-age=0","cacheBusted":404}
{"t":"2026-09-26T03:19:56.810Z","phase":"after-delete","object":"s86400","plain":200,"age":"987","cacheControl":"public, max-age=86400","cacheBusted":404}
{"t":"2026-09-26T03:20:27.254Z","phase":"after-delete","object":"s300","plain":404,"age":null,"cacheControl":"private, max-age=0","cacheBusted":404}
{"t":"2026-09-26T03:20:27.431Z","phase":"after-delete","object":"s86400","plain":200,"age":"1018","cacheControl":"public, max-age=86400","cacheBusted":404}
{"t":"2026-09-26T03:20:57.856Z","phase":"after-delete","object":"s300","plain":404,"age":null,"cacheControl":"private, max-age=0","cacheBusted":404}
{"t":"2026-09-26T03:20:58.014Z","phase":"after-delete","object":"s86400","plain":200,"age":"1048","cacheControl":"public, max-age=86400","cacheBusted":404}
{"t":"2026-09-26T03:21:28.504Z","phase":"after-delete","object":"s300","plain":404,"age":null,"cacheControl":"private, max-age=0","cacheBusted":404}
{"t":"2026-09-26T03:21:28.665Z","phase":"after-delete","object":"s86400","plain":200,"age":"1079","cacheControl":"public, max-age=86400","cacheBusted":404}
{"t":"2026-09-26T03:21:59.152Z","phase":"after-delete","object":"s300","plain":404,"age":null,"cacheControl":"private, max-age=0","cacheBusted":404}
{"t":"2026-09-26T03:21:59.313Z","phase":"after-delete","object":"s86400","plain":200,"age":"1110","cacheControl":"public, max-age=86400","cacheBusted":404}
{"t":"2026-09-26T03:22:29.789Z","phase":"after-delete","object":"s300","plain":404,"age":null,"cacheControl":"private, max-age=0","cacheBusted":404}
{"t":"2026-09-26T03:22:29.942Z","phase":"after-delete","object":"s86400","plain":200,"age":"1140","cacheControl":"public, max-age=86400","cacheBusted":404}
{"t":"2026-09-26T03:23:00.419Z","phase":"after-delete","object":"s300","plain":404,"age":null,"cacheControl":"private, max-age=0","cacheBusted":404}
{"t":"2026-09-26T03:23:00.595Z","phase":"after-delete","object":"s86400","plain":200,"age":"1171","cacheControl":"public, max-age=86400","cacheBusted":404}
{"t":"2026-09-26T03:23:31.109Z","phase":"after-delete","object":"s300","plain":404,"age":null,"cacheControl":"private, max-age=0","cacheBusted":404}
{"t":"2026-09-26T03:23:31.299Z","phase":"after-delete","object":"s86400","plain":200,"age":"1202","cacheControl":"public, max-age=86400","cacheBusted":404}
{"t":"2026-09-26T03:24:01.738Z","phase":"after-delete","object":"s300","plain":404,"age":null,"cacheControl":"private, max-age=0","cacheBusted":404}
{"t":"2026-09-26T03:24:01.921Z","phase":"after-delete","object":"s86400","plain":200,"age":"1232","cacheControl":"public, max-age=86400","cacheBusted":404}
{"t":"2026-09-26T03:24:32.347Z","phase":"after-delete","object":"s300","plain":404,"age":null,"cacheControl":"private, max-age=0","cacheBusted":404}
{"t":"2026-09-26T03:24:32.508Z","phase":"after-delete","object":"s86400","plain":200,"age":"1263","cacheControl":"public, max-age=86400","cacheBusted":404}
{"t":"2026-09-26T03:25:02.943Z","phase":"after-delete","object":"s300","plain":404,"age":null,"cacheControl":"private, max-age=0","cacheBusted":404}
{"t":"2026-09-26T03:25:03.101Z","phase":"after-delete","object":"s86400","plain":200,"age":"1294","cacheControl":"public, max-age=86400","cacheBusted":404}
{"t":"2026-09-26T03:25:33.546Z","phase":"after-delete","object":"s300","plain":404,"age":null,"cacheControl":"private, max-age=0","cacheBusted":404}
{"t":"2026-09-26T03:25:33.720Z","phase":"after-delete","object":"s86400","plain":200,"age":"1324","cacheControl":"public, max-age=86400","cacheBusted":404}
{"t":"2026-09-26T03:26:04.159Z","phase":"after-delete","object":"s300","plain":404,"age":null,"cacheControl":"private, max-age=0","cacheBusted":404}
{"t":"2026-09-26T03:26:04.310Z","phase":"after-delete","object":"s86400","plain":200,"age":"1355","cacheControl":"public, max-age=86400","cacheBusted":404}
{"t":"2026-09-26T03:26:34.758Z","phase":"after-delete","object":"s300","plain":404,"age":null,"cacheControl":"private, max-age=0","cacheBusted":404}
{"t":"2026-09-26T03:26:34.927Z","phase":"after-delete","object":"s86400","plain":200,"age":"1385","cacheControl":"public, max-age=86400","cacheBusted":404}
{"t":"2026-09-26T03:27:05.397Z","phase":"after-delete","object":"s300","plain":404,"age":null,"cacheControl":"private, max-age=0","cacheBusted":404}
{"t":"2026-09-26T03:27:05.555Z","phase":"after-delete","object":"s86400","plain":200,"age":"1416","cacheControl":"public, max-age=86400","cacheBusted":404}
{"t":"2026-09-26T03:27:36.001Z","phase":"after-delete","object":"s300","plain":404,"age":null,"cacheControl":"private, max-age=0","cacheBusted":404}
{"t":"2026-09-26T03:27:36.174Z","phase":"after-delete","object":"s86400","plain":200,"age":"1447","cacheControl":"public, max-age=86400","cacheBusted":404}
{"t":"2026-09-26T03:28:06.651Z","phase":"after-delete","object":"s300","plain":404,"age":null,"cacheControl":"private, max-age=0","cacheBusted":404}
{"t":"2026-09-26T03:28:06.875Z","phase":"after-delete","object":"s86400","plain":404,"age":null,"cacheControl":"private, max-age=0","cacheBusted":404}
{"t":"2026-09-26T03:28:37.346Z","phase":"after-delete","object":"s300","plain":404,"age":null,"cacheControl":"private, max-age=0","cacheBusted":404}
{"t":"2026-09-26T03:28:37.504Z","phase":"after-delete","object":"s86400","plain":200,"age":"1508","cacheControl":"public, max-age=86400","cacheBusted":404}
{"t":"2026-09-26T03:29:07.963Z","phase":"after-delete","object":"s300","plain":404,"age":null,"cacheControl":"private, max-age=0","cacheBusted":404}
{"t":"2026-09-26T03:29:08.139Z","phase":"after-delete","object":"s86400","plain":200,"age":"1539","cacheControl":"public, max-age=86400","cacheBusted":404}
{"t":"2026-09-26T03:29:38.662Z","phase":"after-delete","object":"s300","plain":404,"age":null,"cacheControl":"private, max-age=0","cacheBusted":404}
{"t":"2026-09-26T03:29:38.868Z","phase":"after-delete","object":"s86400","plain":404,"age":null,"cacheControl":"private, max-age=0","cacheBusted":404}
{"t":"2026-09-26T03:30:09.313Z","phase":"after-delete","object":"s300","plain":404,"age":null,"cacheControl":"private, max-age=0","cacheBusted":404}
{"t":"2026-09-26T03:30:09.537Z","phase":"after-delete","object":"s86400","plain":404,"age":null,"cacheControl":"private, max-age=0","cacheBusted":404}
{"t":"2026-09-26T03:30:40.007Z","phase":"after-delete","object":"s300","plain":404,"age":null,"cacheControl":"private, max-age=0","cacheBusted":404}
{"t":"2026-09-26T03:30:40.171Z","phase":"after-delete","object":"s86400","plain":200,"age":"1631","cacheControl":"public, max-age=86400","cacheBusted":404}
{"t":"2026-09-26T03:31:10.674Z","phase":"after-delete","object":"s300","plain":404,"age":null,"cacheControl":"private, max-age=0","cacheBusted":404}
{"t":"2026-09-26T03:31:10.867Z","phase":"after-delete","object":"s86400","plain":200,"age":"1661","cacheControl":"public, max-age=86400","cacheBusted":404}
{"t":"2026-09-26T03:31:41.316Z","phase":"after-delete","object":"s300","plain":404,"age":null,"cacheControl":"private, max-age=0","cacheBusted":404}
{"t":"2026-09-26T03:31:41.509Z","phase":"after-delete","object":"s86400","plain":200,"age":"1692","cacheControl":"public, max-age=86400","cacheBusted":404}
{"t":"2026-09-26T03:32:11.956Z","phase":"after-delete","object":"s300","plain":404,"age":null,"cacheControl":"private, max-age=0","cacheBusted":404}
{"t":"2026-09-26T03:32:12.117Z","phase":"after-delete","object":"s86400","plain":200,"age":"1723","cacheControl":"public, max-age=86400","cacheBusted":404}
{"t":"2026-09-26T03:32:42.553Z","phase":"after-delete","object":"s300","plain":404,"age":null,"cacheControl":"private, max-age=0","cacheBusted":404}
{"t":"2026-09-26T03:32:42.747Z","phase":"after-delete","object":"s86400","plain":200,"age":"1753","cacheControl":"public, max-age=86400","cacheBusted":404}
{"t":"2026-09-26T03:33:13.189Z","phase":"after-delete","object":"s300","plain":404,"age":null,"cacheControl":"private, max-age=0","cacheBusted":404}
{"t":"2026-09-26T03:33:13.345Z","phase":"after-delete","object":"s86400","plain":200,"age":"1784","cacheControl":"public, max-age=86400","cacheBusted":404}
{"t":"2026-09-26T03:33:43.826Z","phase":"after-delete","object":"s300","plain":404,"age":null,"cacheControl":"private, max-age=0","cacheBusted":404}
{"t":"2026-09-26T03:33:43.996Z","phase":"after-delete","object":"s86400","plain":200,"age":"1814","cacheControl":"public, max-age=86400","cacheBusted":404}
{"t":"2026-09-26T03:34:14.410Z","phase":"after-delete","object":"s300","plain":404,"age":null,"cacheControl":"private, max-age=0","cacheBusted":404}
{"t":"2026-09-26T03:34:14.575Z","phase":"after-delete","object":"s86400","plain":200,"age":"1845","cacheControl":"public, max-age=86400","cacheBusted":404}
{"t":"2026-09-26T03:34:45.025Z","phase":"after-delete","object":"s300","plain":404,"age":null,"cacheControl":"private, max-age=0","cacheBusted":404}
{"t":"2026-09-26T03:34:45.193Z","phase":"after-delete","object":"s86400","plain":200,"age":"1876","cacheControl":"public, max-age=86400","cacheBusted":404}
{"t":"2026-09-26T03:35:15.665Z","phase":"after-delete","object":"s300","plain":404,"age":null,"cacheControl":"private, max-age=0","cacheBusted":404}
{"t":"2026-09-26T03:35:15.836Z","phase":"after-delete","object":"s86400","plain":200,"age":"1906","cacheControl":"public, max-age=86400","cacheBusted":404}
{"t":"2026-09-26T03:35:46.288Z","phase":"after-delete","object":"s300","plain":404,"age":null,"cacheControl":"private, max-age=0","cacheBusted":404}
{"t":"2026-09-26T03:35:46.450Z","phase":"after-delete","object":"s86400","plain":200,"age":"1937","cacheControl":"public, max-age=86400","cacheBusted":404}
{"t":"2026-09-26T03:36:16.902Z","phase":"after-delete","object":"s300","plain":404,"age":null,"cacheControl":"private, max-age=0","cacheBusted":404}
{"t":"2026-09-26T03:36:17.075Z","phase":"after-delete","object":"s86400","plain":200,"age":"1968","cacheControl":"public, max-age=86400","cacheBusted":404}
{"t":"2026-09-26T03:36:47.586Z","phase":"after-delete","object":"s300","plain":404,"age":null,"cacheControl":"private, max-age=0","cacheBusted":404}
{"t":"2026-09-26T03:36:47.745Z","phase":"after-delete","object":"s86400","plain":200,"age":"1998","cacheControl":"public, max-age=86400","cacheBusted":404}
{"t":"2026-09-26T03:37:18.164Z","phase":"after-delete","object":"s300","plain":404,"age":null,"cacheControl":"private, max-age=0","cacheBusted":404}
{"t":"2026-09-26T03:37:18.338Z","phase":"after-delete","object":"s86400","plain":200,"age":"2029","cacheControl":"public, max-age=86400","cacheBusted":404}
{"t":"2026-09-26T03:37:48.827Z","phase":"after-delete","object":"s300","plain":404,"age":null,"cacheControl":"private, max-age=0","cacheBusted":404}
{"t":"2026-09-26T03:37:48.979Z","phase":"after-delete","object":"s86400","plain":200,"age":"2059","cacheControl":"public, max-age=86400","cacheBusted":404}
{"t":"2026-09-26T03:38:19.422Z","phase":"after-delete","object":"s300","plain":404,"age":null,"cacheControl":"private, max-age=0","cacheBusted":404}
{"t":"2026-09-26T03:38:19.628Z","phase":"after-delete","object":"s86400","plain":404,"age":null,"cacheControl":"private, max-age=0","cacheBusted":404}
{"t":"2026-09-26T03:38:50.094Z","phase":"after-delete","object":"s300","plain":404,"age":null,"cacheControl":"private, max-age=0","cacheBusted":404}
{"t":"2026-09-26T03:38:50.300Z","phase":"after-delete","object":"s86400","plain":404,"age":null,"cacheControl":"private, max-age=0","cacheBusted":404}
