
> Configure project :app
WARNING: BuildType 'staging' is both debuggable and has 'isMinifyEnabled' set to true.
All code optimizations and obfuscation are disabled for debuggable builds.

> Task :core:deeplink:checkKotlinGradlePluginConfigurationErrors SKIPPED
> Task :core:network-monitor:preBuild UP-TO-DATE
> Task :core:analytics:preBuild UP-TO-DATE
> Task :core:logging:preBuild UP-TO-DATE
> Task :core:navigation:checkKotlinGradlePluginConfigurationErrors SKIPPED
> Task :core:database:preBuild UP-TO-DATE
> Task :core:featureflags:preBuild UP-TO-DATE
> Task :core:datastore:preBuild UP-TO-DATE
> Task :core:common:checkKotlinGradlePluginConfigurationErrors SKIPPED
> Task :core:analytics:preDebugBuild UP-TO-DATE
> Task :core:database:preDebugBuild UP-TO-DATE
> Task :core:designsystem:preBuild UP-TO-DATE
> Task :core:designsystem:preDebugBuild UP-TO-DATE
> Task :core:network:preBuild UP-TO-DATE
> Task :app:preBuild UP-TO-DATE
> Task :core:featureflags:preDebugBuild UP-TO-DATE
> Task :core:logging:preDebugBuild UP-TO-DATE
> Task :core:network-monitor:preDebugBuild UP-TO-DATE
> Task :app:preUatBuild UP-TO-DATE
> Task :app:checkKotlinGradlePluginConfigurationErrors SKIPPED
> Task :core:network:preDebugBuild UP-TO-DATE
> Task :core:datastore:preDebugBuild UP-TO-DATE
> Task :core:datastore:writeDebugAarMetadata UP-TO-DATE
> Task :core:deeplink:processResources NO-SOURCE
> Task :features:auth:preBuild UP-TO-DATE
> Task :core:security:preBuild UP-TO-DATE
> Task :core:security:preDebugBuild UP-TO-DATE
> Task :features:auth:preDebugBuild UP-TO-DATE
> Task :core:analytics:writeDebugAarMetadata UP-TO-DATE
> Task :core:featureflags:writeDebugAarMetadata UP-TO-DATE
> Task :core:network:writeDebugAarMetadata UP-TO-DATE
> Task :core:security:writeDebugAarMetadata UP-TO-DATE
> Task :core:database:writeDebugAarMetadata UP-TO-DATE
> Task :core:network-monitor:writeDebugAarMetadata UP-TO-DATE
> Task :core:logging:writeDebugAarMetadata UP-TO-DATE
> Task :core:designsystem:writeDebugAarMetadata UP-TO-DATE
> Task :features:auth:writeDebugAarMetadata UP-TO-DATE
> Task :core:datastore:generateDebugResValues UP-TO-DATE
> Task :core:featureflags:generateDebugResValues UP-TO-DATE
> Task :core:network:generateDebugResValues UP-TO-DATE
> Task :core:designsystem:generateDebugResValues UP-TO-DATE
> Task :core:security:generateDebugResValues UP-TO-DATE
> Task :core:analytics:generateDebugResValues UP-TO-DATE
> Task :core:database:generateDebugResValues UP-TO-DATE
> Task :core:logging:generateDebugResValues UP-TO-DATE
> Task :core:network-monitor:generateDebugResValues UP-TO-DATE
> Task :core:featureflags:generateDebugResources UP-TO-DATE
> Task :core:datastore:generateDebugResources UP-TO-DATE
> Task :core:security:generateDebugResources UP-TO-DATE
> Task :core:database:generateDebugResources UP-TO-DATE
> Task :core:logging:generateDebugResources UP-TO-DATE
> Task :core:analytics:generateDebugResources UP-TO-DATE
> Task :core:network:generateDebugResources UP-TO-DATE
> Task :core:network-monitor:generateDebugResources UP-TO-DATE
> Task :core:designsystem:generateDebugResources UP-TO-DATE
> Task :features:auth:generateDebugResValues UP-TO-DATE
> Task :core:network:packageDebugResources UP-TO-DATE
> Task :core:designsystem:packageDebugResources UP-TO-DATE
> Task :core:network-monitor:packageDebugResources UP-TO-DATE
> Task :features:auth:generateDebugResources UP-TO-DATE
> Task :core:featureflags:packageDebugResources UP-TO-DATE
> Task :core:datastore:packageDebugResources UP-TO-DATE
> Task :core:analytics:packageDebugResources UP-TO-DATE
> Task :core:database:packageDebugResources UP-TO-DATE
> Task :core:logging:packageDebugResources UP-TO-DATE
> Task :core:featureflags:extractDeepLinksDebug UP-TO-DATE
> Task :core:datastore:extractDeepLinksDebug UP-TO-DATE
> Task :core:security:packageDebugResources UP-TO-DATE
> Task :core:network:extractDeepLinksDebug UP-TO-DATE
> Task :core:logging:extractDeepLinksDebug UP-TO-DATE
> Task :core:designsystem:extractDeepLinksDebug UP-TO-DATE
> Task :core:analytics:extractDeepLinksDebug UP-TO-DATE
> Task :features:auth:packageDebugResources UP-TO-DATE
> Task :core:database:extractDeepLinksDebug UP-TO-DATE
> Task :core:network-monitor:extractDeepLinksDebug UP-TO-DATE
> Task :core:security:extractDeepLinksDebug UP-TO-DATE
> Task :core:featureflags:processDebugManifest UP-TO-DATE
> Task :core:logging:processDebugManifest UP-TO-DATE
> Task :core:security:processDebugManifest UP-TO-DATE
> Task :core:database:processDebugManifest UP-TO-DATE
> Task :core:designsystem:processDebugManifest UP-TO-DATE
> Task :core:network-monitor:processDebugManifest UP-TO-DATE
> Task :core:datastore:processDebugManifest UP-TO-DATE
> Task :core:analytics:processDebugManifest UP-TO-DATE
> Task :core:network:processDebugManifest UP-TO-DATE
> Task :features:auth:extractDeepLinksDebug UP-TO-DATE
> Task :core:network-monitor:compileDebugLibraryResources UP-TO-DATE
> Task :core:database:compileDebugLibraryResources UP-TO-DATE
> Task :core:designsystem:compileDebugLibraryResources UP-TO-DATE
> Task :core:network:compileDebugLibraryResources UP-TO-DATE
> Task :core:logging:compileDebugLibraryResources UP-TO-DATE
> Task :core:datastore:compileDebugLibraryResources UP-TO-DATE
> Task :core:featureflags:compileDebugLibraryResources UP-TO-DATE
> Task :features:auth:processDebugManifest UP-TO-DATE
> Task :core:analytics:compileDebugLibraryResources UP-TO-DATE
> Task :core:security:compileDebugLibraryResources UP-TO-DATE
> Task :core:network-monitor:parseDebugLocalResources UP-TO-DATE
> Task :core:datastore:parseDebugLocalResources UP-TO-DATE
> Task :core:featureflags:parseDebugLocalResources UP-TO-DATE
> Task :core:datastore:generateDebugRFile UP-TO-DATE
> Task :core:network-monitor:generateDebugRFile UP-TO-DATE
> Task :core:datastore:checkKotlinGradlePluginConfigurationErrors SKIPPED
> Task :features:auth:compileDebugLibraryResources UP-TO-DATE
> Task :core:featureflags:generateDebugRFile UP-TO-DATE
> Task :core:featureflags:checkKotlinGradlePluginConfigurationErrors SKIPPED
> Task :core:designsystem:parseDebugLocalResources UP-TO-DATE
> Task :core:database:parseDebugLocalResources UP-TO-DATE
> Task :core:logging:parseDebugLocalResources UP-TO-DATE
> Task :core:designsystem:generateDebugRFile UP-TO-DATE
> Task :core:designsystem:checkKotlinGradlePluginConfigurationErrors SKIPPED
> Task :features:auth:parseDebugLocalResources UP-TO-DATE
> Task :core:logging:generateDebugRFile UP-TO-DATE
> Task :core:logging:checkKotlinGradlePluginConfigurationErrors SKIPPED
> Task :core:network:parseDebugLocalResources UP-TO-DATE
> Task :core:database:generateDebugRFile UP-TO-DATE
> Task :core:database:checkKotlinGradlePluginConfigurationErrors SKIPPED
> Task :features:auth:generateDebugRFile UP-TO-DATE
> Task :core:network-monitor:checkKotlinGradlePluginConfigurationErrors SKIPPED
> Task :core:network:generateDebugRFile UP-TO-DATE
> Task :core:network:checkKotlinGradlePluginConfigurationErrors SKIPPED
> Task :core:security:parseDebugLocalResources UP-TO-DATE
> Task :core:analytics:parseDebugLocalResources UP-TO-DATE
> Task :core:security:generateDebugRFile UP-TO-DATE
> Task :core:security:checkKotlinGradlePluginConfigurationErrors SKIPPED
> Task :core:analytics:generateDebugRFile UP-TO-DATE
> Task :core:analytics:checkKotlinGradlePluginConfigurationErrors SKIPPED
> Task :app:generateUatBuildConfig
> Task :core:common:compileKotlin UP-TO-DATE
> Task :core:navigation:compileKotlin UP-TO-DATE
> Task :core:navigation:compileJava NO-SOURCE
> Task :core:navigation:processResources NO-SOURCE
> Task :core:common:compileJava NO-SOURCE
> Task :core:navigation:classes UP-TO-DATE
> Task :core:common:processResources NO-SOURCE
> Task :core:common:classes UP-TO-DATE
> Task :core:common:jar UP-TO-DATE
> Task :features:auth:checkKotlinGradlePluginConfigurationErrors SKIPPED
> Task :core:navigation:jar UP-TO-DATE
> Task :core:deeplink:compileKotlin UP-TO-DATE
> Task :core:deeplink:compileJava NO-SOURCE
> Task :core:deeplink:classes UP-TO-DATE
> Task :core:deeplink:jar UP-TO-DATE
> Task :core:network:javaPreCompileDebug UP-TO-DATE
> Task :core:analytics:javaPreCompileDebug UP-TO-DATE
> Task :core:security:javaPreCompileDebug UP-TO-DATE
> Task :features:auth:javaPreCompileDebug UP-TO-DATE
> Task :core:datastore:kspDebugKotlin UP-TO-DATE
> Task :core:network-monitor:kspDebugKotlin UP-TO-DATE
> Task :core:featureflags:kspDebugKotlin UP-TO-DATE
> Task :core:logging:kspDebugKotlin UP-TO-DATE
> Task :core:security:kspDebugKotlin UP-TO-DATE
> Task :core:database:kspDebugKotlin UP-TO-DATE
> Task :core:featureflags:compileDebugKotlin UP-TO-DATE
> Task :core:datastore:compileDebugKotlin UP-TO-DATE
> Task :core:logging:compileDebugKotlin UP-TO-DATE
> Task :core:network-monitor:compileDebugKotlin UP-TO-DATE
> Task :core:featureflags:javaPreCompileDebug UP-TO-DATE
> Task :core:datastore:javaPreCompileDebug UP-TO-DATE
> Task :core:logging:javaPreCompileDebug UP-TO-DATE
> Task :core:network-monitor:javaPreCompileDebug UP-TO-DATE
> Task :core:security:compileDebugKotlin UP-TO-DATE
> Task :core:database:compileDebugKotlin UP-TO-DATE
> Task :core:featureflags:compileDebugJavaWithJavac UP-TO-DATE
> Task :core:database:javaPreCompileDebug UP-TO-DATE
> Task :core:security:compileDebugJavaWithJavac UP-TO-DATE
> Task :core:logging:compileDebugJavaWithJavac UP-TO-DATE
> Task :core:datastore:compileDebugJavaWithJavac UP-TO-DATE
> Task :core:network-monitor:compileDebugJavaWithJavac UP-TO-DATE
> Task :core:database:compileDebugJavaWithJavac UP-TO-DATE
> Task :core:security:transformDebugClassesWithAsm UP-TO-DATE
> Task :core:logging:transformDebugClassesWithAsm UP-TO-DATE
> Task :core:featureflags:transformDebugClassesWithAsm UP-TO-DATE
> Task :core:network-monitor:transformDebugClassesWithAsm UP-TO-DATE
> Task :core:logging:bundleLibCompileToJarDebug UP-TO-DATE
> Task :core:security:bundleLibCompileToJarDebug UP-TO-DATE
> Task :core:network-monitor:bundleLibCompileToJarDebug UP-TO-DATE
> Task :core:featureflags:bundleLibCompileToJarDebug UP-TO-DATE
> Task :core:security:bundleLibRuntimeToJarDebug UP-TO-DATE
> Task :core:logging:bundleLibRuntimeToJarDebug UP-TO-DATE
> Task :core:featureflags:bundleLibRuntimeToJarDebug UP-TO-DATE
> Task :core:network-monitor:bundleLibRuntimeToJarDebug UP-TO-DATE
> Task :core:datastore:transformDebugClassesWithAsm UP-TO-DATE
> Task :core:datastore:bundleLibCompileToJarDebug UP-TO-DATE
> Task :core:datastore:bundleLibRuntimeToJarDebug UP-TO-DATE
> Task :core:database:transformDebugClassesWithAsm UP-TO-DATE
> Task :core:logging:processDebugJavaRes UP-TO-DATE
> Task :core:security:processDebugJavaRes UP-TO-DATE
> Task :core:featureflags:processDebugJavaRes UP-TO-DATE
> Task :core:network-monitor:processDebugJavaRes UP-TO-DATE
> Task :core:database:bundleLibCompileToJarDebug UP-TO-DATE
> Task :core:database:bundleLibRuntimeToJarDebug UP-TO-DATE
> Task :core:datastore:processDebugJavaRes UP-TO-DATE
> Task :core:database:processDebugJavaRes UP-TO-DATE
> Task :core:network:kspDebugKotlin UP-TO-DATE
> Task :core:network:compileDebugKotlin UP-TO-DATE
> Task :core:network:compileDebugJavaWithJavac UP-TO-DATE
> Task :core:network:transformDebugClassesWithAsm UP-TO-DATE
> Task :core:network:bundleLibCompileToJarDebug UP-TO-DATE
> Task :core:network:bundleLibRuntimeToJarDebug UP-TO-DATE
> Task :core:network:processDebugJavaRes UP-TO-DATE
> Task :core:analytics:kspDebugKotlin UP-TO-DATE
> Task :core:analytics:compileDebugKotlin UP-TO-DATE
> Task :core:analytics:compileDebugJavaWithJavac UP-TO-DATE
> Task :core:analytics:transformDebugClassesWithAsm UP-TO-DATE
> Task :core:analytics:bundleLibCompileToJarDebug UP-TO-DATE
> Task :core:analytics:bundleLibRuntimeToJarDebug UP-TO-DATE
> Task :core:analytics:processDebugJavaRes UP-TO-DATE
> Task :core:designsystem:compileDebugKotlin UP-TO-DATE
> Task :core:designsystem:javaPreCompileDebug UP-TO-DATE
> Task :core:designsystem:compileDebugJavaWithJavac NO-SOURCE
> Task :core:designsystem:bundleLibCompileToJarDebug UP-TO-DATE
> Task :core:designsystem:bundleLibRuntimeToJarDebug UP-TO-DATE
> Task :core:designsystem:processDebugJavaRes UP-TO-DATE
> Task :app:checkUatAarMetadata UP-TO-DATE
> Task :app:generateUatResValues UP-TO-DATE
> Task :app:processUatGoogleServices UP-TO-DATE
> Task :app:mapUatSourceSetPaths UP-TO-DATE
> Task :app:generateUatResources UP-TO-DATE
> Task :app:mergeUatResources UP-TO-DATE
> Task :app:packageUatResources UP-TO-DATE
> Task :app:parseUatLocalResources UP-TO-DATE
> Task :app:createUatCompatibleScreenManifests UP-TO-DATE
> Task :app:extractDeepLinksUat UP-TO-DATE
> Task :app:processUatMainManifest UP-TO-DATE
> Task :app:processUatManifest UP-TO-DATE
> Task :app:processUatManifestForPackage UP-TO-DATE
> Task :features:auth:kspDebugKotlin UP-TO-DATE
> Task :features:auth:compileDebugKotlin UP-TO-DATE
> Task :features:auth:compileDebugJavaWithJavac UP-TO-DATE
> Task :app:processUatResources UP-TO-DATE
> Task :app:javaPreCompileUat UP-TO-DATE
> Task :app:preUatUnitTestBuild UP-TO-DATE
> Task :app:javaPreCompileUatUnitTest UP-TO-DATE
> Task :features:auth:transformDebugClassesWithAsm UP-TO-DATE
> Task :features:auth:bundleLibCompileToJarDebug UP-TO-DATE
> Task :features:auth:bundleLibRuntimeToJarDebug UP-TO-DATE
> Task :features:auth:processDebugJavaRes UP-TO-DATE
> Task :app:kspUatKotlin

> Task :app:compileUatKotlin
w: file:///C:/wtandroid/android/app/src/main/java/com/tappyai/app/profile/SettingsScreen.kt:161:49 'val Icons.Filled.VolumeUp: ImageVector' is deprecated. Use the AutoMirrored version at Icons.AutoMirrored.Filled.VolumeUp.

> Task :app:compileUatJavaWithJavac
> Task :app:hiltAggregateDepsUat UP-TO-DATE
> Task :app:hiltJavaCompileUat UP-TO-DATE
> Task :app:processUatJavaRes UP-TO-DATE
> Task :app:bundleUatClassesToCompileJar
> Task :app:transformUatClassesWithAsm
> Task :app:bundleUatClassesToRuntimeJar
> Task :app:kspUatUnitTestKotlin

> Task :app:compileUatUnitTestKotlin FAILED
gradlew.bat : e: file:///C:/wtandroid/android/app/src/test/java/com/tappyai/app/age/AgeGateParityTest.kt:4:33 
Unresolved reference 'GuestAgeInterceptor'.
At line:1 char:441
+ ... $env:Path"; & .\gradlew.bat :app:testUatUnitTest --tests "*AgeGatePar ...
+                 ~~~~~~~~~~~~~~~~~~~~~~~~~~~~~~~~~~~~~~~~~~~~~~~~~~~~~~~~~
    + CategoryInfo          : NotSpecified: (e: file:///C:/w...geInterceptor'.:String) [], RemoteException
    + FullyQualifiedErrorId : NativeCommandError
 
e: file:///C:/wtandroid/android/app/src/test/java/com/tappyai/app/age/AgeGateParityTest.kt:29:36 Unresolved reference 
'ageCheckIso'.
e: file:///C:/wtandroid/android/app/src/test/java/com/tappyai/app/age/AgeGateParityTest.kt:30:36 Unresolved reference 
'ageCheckIso'.
e: file:///C:/wtandroid/android/app/src/test/java/com/tappyai/app/age/AgeGateParityTest.kt:31:45 Unresolved reference 
'ageCheckIso'.
e: file:///C:/wtandroid/android/app/src/test/java/com/tappyai/app/age/AgeGateParityTest.kt:32:43 Unresolved reference 
'ageCheckIso'.
e: file:///C:/wtandroid/android/app/src/test/java/com/tappyai/app/age/AgeGateParityTest.kt:33:20 Unresolved reference 
'ageCheckIso'.
e: file:///C:/wtandroid/android/app/src/test/java/com/tappyai/app/age/AgeGateParityTest.kt:72:47 Unresolved reference 
'GuestAgeInterceptor'.
e: file:///C:/wtandroid/android/app/src/test/java/com/tappyai/app/age/AgeGateParityTest.kt:72:111 Unresolved reference 
'addInterceptor'.
[Incubating] Problems report is available at: file:///C:/wtandroid/android/build/reports/problems/problems-report.html

FAILURE: Build failed with an exception.

* What went wrong:
Execution failed for task ':app:compileUatUnitTestKotlin'.
> A failure occurred while executing 
org.jetbrains.kotlin.compilerRunner.GradleCompilerRunnerWithWorkers$GradleKotlinCompilerWorkAction
   > Compilation error. See log for more details

* Try:
> Run with --stacktrace option to get the stack trace.
> Run with --info or --debug option to get more log output.
> Run with --scan to get full insights.

> Get more help at https://help.gradle.org.
Deprecated Gradle features were used in this build, making it incompatible with Gradle 9.0.

You can use '--warning-mode all' to show the individual deprecation warnings and determine if they come from your own scripts or plugins.

For more on this, please refer to https://docs.gradle.org/8.11.1/userguide/command_line_interface.html#sec:command_line_warnings in the Gradle documentation.

BUILD FAILED in 1m 8s
201 actionable tasks: 9 executed, 192 up-to-date
